
C:\Users\Aavin\Desktop\frc2017-steamworks-shooter>git branch shooter

C:\Users\Aavin\Desktop\frc2017-steamworks-shooter>git checkout shooter
Switched to branch 'shooter'

C:\Users\Aavin\Desktop\frc2017-steamworks-shooter>git add *

C:\Users\Aavin\Desktop\frc2017-steamworks-shooter>git status
On branch shooter
Changes to be committed:
  (use "git reset HEAD <file>..." to unstage)

        modified:   src/main/java/ca/_4976/steamworks/Robot.java
        modified:   src/main/java/ca/_4976/steamworks/io/Inputs.java
        modified:   src/main/java/ca/_4976/steamworks/io/Outputs.java
        new file:   src/main/java/ca/_4976/steamworks/subsystems/DriveTrain.java
        new file:   src/main/java/ca/_4976/steamworks/subsystems/motionprofiler/MotionProfile.java
        new file:   src/main/java/ca/_4976/steamworks/subsystems/motionprofiler/TimeStamp.java
        new file:   src/main/java/ca/_4976/steamworks/subsystems/shooter_cock.java


C:\Users\Aavin\Desktop\frc2017-steamworks-shooter>git status
On branch shooter
Changes to be committed:
  (use "git reset HEAD <file>..." to unstage)

        modified:   src/main/java/ca/_4976/steamworks/Robot.java
        modified:   src/main/java/ca/_4976/steamworks/io/Inputs.java
        modified:   src/main/java/ca/_4976/steamworks/io/Outputs.java
        new file:   src/main/java/ca/_4976/steamworks/subsystems/DriveTrain.java
        new file:   src/main/java/ca/_4976/steamworks/subsystems/motionprofiler/MotionProfile.java
        new file:   src/main/java/ca/_4976/steamworks/subsystems/motionprofiler/TimeStamp.java
        new file:   src/main/java/ca/_4976/steamworks/subsystems/shooter_cock.java

Changes not staged for commit:
  (use "git add/rm <file>..." to update what will be committed)
  (use "git checkout -- <file>..." to discard changes in working directory)

        deleted:    src/main/java/ca/_4976/steamworks/subsystems/DriveTrain.java
        deleted:    src/main/java/ca/_4976/steamworks/subsystems/blank.txt
        deleted:    src/main/java/ca/_4976/steamworks/subsystems/motionprofiler/MotionProfile.java
        deleted:    src/main/java/ca/_4976/steamworks/subsystems/motionprofiler/TimeStamp.java


C:\Users\Aavin\Desktop\frc2017-steamworks-shooter>git add *

C:\Users\Aavin\Desktop\frc2017-steamworks-shooter>git status
On branch shooter
Changes to be committed:
  (use "git reset HEAD <file>..." to unstage)

        modified:   src/main/java/ca/_4976/steamworks/Robot.java
        modified:   src/main/java/ca/_4976/steamworks/io/Inputs.java
        modified:   src/main/java/ca/_4976/steamworks/io/Outputs.java
        deleted:    src/main/java/ca/_4976/steamworks/subsystems/blank.txt
        new file:   src/main/java/ca/_4976/steamworks/subsystems/shooter_cock.java


C:\Users\Aavin\Desktop\frc2017-steamworks-shooter>git commit -m "Initial Commit"
[shooter bc68922] Initial Commit
 5 files changed, 185 insertions(+), 28 deletions(-)
 delete mode 100644 src/main/java/ca/_4976/steamworks/subsystems/blank.txt
 create mode 100644 src/main/java/ca/_4976/steamworks/subsystems/shooter_cock.java

C:\Users\Aavin\Desktop\frc2017-steamworks-shooter>git push origin shooter
remote: Permission to frc4976/frc2017-steamworks.git denied to Toast-Lord.
fatal: unable to access 'https://github.com/frc4976/frc2017-steamworks.git/': The requested URL returned error: 403

C:\Users\Aavin\Desktop\frc2017-steamworks-shooter>git push origin shooter
Counting objects: 14, done.
Delta compression using up to 4 threads.
Compressing objects: 100% (9/9), done.
Writing objects: 100% (14/14), 2.65 KiB | 0 bytes/s, done.
Total 14 (delta 2), reused 0 (delta 0)
remote: Resolving deltas: 100% (2/2), completed with 2 local objects.
To https://github.com/frc4976/frc2017-steamworks.git
 * [new branch]      shooter -> shooter

C:\Users\Aavin\Desktop\frc2017-steamworks-shooter>

C:\Users\Aavin\Desktop\frc2017-steamworks-shooter>

C:\Users\Aavin\Desktop\frc2017-steamworks-shooter>















C:\Users\Aavin\Desktop>git clone https://github.com/frc4976/frc2017-steamworks.git
fatal: destination path 'frc2017-steamworks' already exists and is not an empty directory.

C:\Users\Aavin\Desktop>git clone https://github.com/frc4976/frc2017-steamworks.git
Cloning into 'frc2017-steamworks'...
remote: Counting objects: 510, done.
remote: Compressing objects: 100% (110/110), done.
Receiving objects:  93% (475/510)    0 (delta 0), pack-reused 332
Receiving objects: 100% (510/510), 153.86 KiB | 0 bytes/s, done.
Resolving deltas: 100% (170/170), done.

C:\Users\Aavin\Desktop>